// Jest Snapshot v1, https://goo.gl/fbAQLP

exports[`renders correctly 1`] = `
<RCTScrollView
  data={
    [
      {
        "key": "one",
      },
      {
        "key": "two",
      },
    ]
  }
  getItem={[Function]}
  getItemCount={[Function]}
  keyExtractor={[Function]}
  onContentSizeChange={[Function]}
  onLayout={[Function]}
  onMomentumScrollBegin={[Function]}
  onMomentumScrollEnd={[Function]}
  onScroll={[Function]}
  onScrollBeginDrag={[Function]}
  onScrollEndDrag={[Function]}
  removeClippedSubviews={false}
  renderItem={[Function]}
  scrollEventThrottle={50}
  stickyHeaderIndices={[]}
  viewabilityConfigCallbackPairs={[]}
>
  <View>
    <View
      onFocusCapture={[Function]}
      onLayout={[Function]}
      style={null}
    >
      <View
        style={
          {
            "alignItems": "center",
            "display": "flex",
            "flexDirection": "row",
            "gap": 3,
            "marginBottom": 10,
          }
        }
      >
        <Text
          style={
            [
              {
                "color": "#525C60",
                "fontSize": 14,
                "lineHeight": 20,
              },
              {
                "fontFamily": "open-sans-bold",
              },
            ]
          }
        >
          0
          .
        </Text>
        <Text>
          one
        </Text>
      </View>
    </View>
    <View
      onFocusCapture={[Function]}
      onLayout={[Function]}
      style={null}
    >
      <View
        style={
          {
            "alignItems": "center",
            "display": "flex",
            "flexDirection": "row",
            "gap": 3,
            "marginBottom": 10,
          }
        }
      >
        <Text
          style={
            [
              {
                "color": "#525C60",
                "fontSize": 14,
                "lineHeight": 20,
              },
              {
                "fontFamily": "open-sans-bold",
              },
            ]
          }
        >
          1
          .
        </Text>
        <Text>
          two
        </Text>
      </View>
    </View>
  </View>
</RCTScrollView>
`;
